// Jest Snapshot v1, https://goo.gl/fbAQLP

exports[`loading Tests Action Generator setDrawerClosed should match the snapshot 1`] = `
Object {
  "isLoading": true,
  "type": "CHANGE_LOAD",
}
`;
