// Jest Snapshot v1, https://goo.gl/fbAQLP

exports[`Pokemon should render component correctly 1`] = `
<ContextConsumer>
  <Component />
</ContextConsumer>
`;
